<?php return array (
  0 => 'Symfony\\Bundle\\FrameworkBundle\\EventListener\\SessionListener',
  1 => 'Symfony\\Component\\HttpFoundation\\Session\\Storage\\NativeSessionStorage',
  2 => 'Symfony\\Component\\HttpFoundation\\Session\\Storage\\PhpBridgeSessionStorage',
  3 => 'Symfony\\Component\\HttpFoundation\\Session\\Storage\\Handler\\NativeFileSessionHandler',
  4 => 'Symfony\\Component\\HttpFoundation\\Session\\Storage\\Proxy\\AbstractProxy',
  5 => 'Symfony\\Component\\HttpFoundation\\Session\\Storage\\Proxy\\SessionHandlerProxy',
  6 => 'Symfony\\Component\\HttpFoundation\\Session\\Session',
  7 => 'Psr\\Cache\\CacheItemInterface',
  8 => 'Psr\\Cache\\CacheItemPoolInterface',
  9 => 'Symfony\\Component\\Cache\\Adapter\\AdapterInterface',
  10 => 'Symfony\\Component\\Cache\\Adapter\\AbstractAdapter',
  11 => 'Symfony\\Component\\Cache\\CacheItem',
  12 => 'Symfony\\Component\\Routing\\Generator\\UrlGenerator',
  13 => 'Symfony\\Component\\Routing\\RequestContext',
  14 => 'Symfony\\Component\\Routing\\Router',
  15 => 'Symfony\\Bundle\\FrameworkBundle\\Routing\\RedirectableUrlMatcher',
  16 => 'Symfony\\Bundle\\FrameworkBundle\\Routing\\Router',
  17 => 'Symfony\\Component\\Config\\FileLocator',
  18 => 'Symfony\\Component\\Debug\\ErrorHandler',
  19 => 'Symfony\\Component\\EventDispatcher\\Event',
  20 => 'Symfony\\Component\\EventDispatcher\\ContainerAwareEventDispatcher',
  21 => 'Symfony\\Component\\HttpKernel\\EventListener\\ResponseListener',
  22 => 'Symfony\\Component\\HttpKernel\\EventListener\\RouterListener',
  23 => 'Symfony\\Component\\HttpKernel\\Controller\\ControllerResolver',
  24 => 'Symfony\\Component\\HttpKernel\\Controller\\ArgumentResolver',
  25 => 'Symfony\\Component\\HttpKernel\\ControllerMetadata\\ArgumentMetadata',
  26 => 'Symfony\\Component\\HttpKernel\\ControllerMetadata\\ArgumentMetadataFactory',
  27 => 'Symfony\\Component\\HttpKernel\\Event\\KernelEvent',
  28 => 'Symfony\\Component\\HttpKernel\\Event\\FilterControllerEvent',
  29 => 'Symfony\\Component\\HttpKernel\\Event\\FilterResponseEvent',
  30 => 'Symfony\\Component\\HttpKernel\\Event\\GetResponseEvent',
  31 => 'Symfony\\Component\\HttpKernel\\Event\\GetResponseForControllerResultEvent',
  32 => 'Symfony\\Component\\HttpKernel\\Event\\GetResponseForExceptionEvent',
  33 => 'Symfony\\Component\\HttpKernel\\KernelEvents',
  34 => 'Symfony\\Component\\HttpKernel\\Config\\FileLocator',
  35 => 'Symfony\\Bundle\\FrameworkBundle\\Controller\\ControllerNameParser',
  36 => 'Symfony\\Bundle\\FrameworkBundle\\Controller\\ControllerResolver',
);